* daemon not running; starting now at tcp:5037
* daemon started successfully
List of devices attached
